// Vitest Snapshot v1, https://vitest.dev/guide/snapshot.html

exports[`Basic 1`] = `"text-sm"`;

exports[`Basic with expressions 1`] = `"text-sm font-bold bg-sky-500"`;

exports[`Multiple lines 1`] = `"text-sm bg-sky-500 font-bold"`;

exports[`Multiple lines with comments 1`] = `"text-sm bg-sky-500 font-bold"`;

exports[`Multiple lines with expressions 1`] = `"text-sm bg-sky-500 font-bold font-bold bg-sky-500"`;
