// Vitest Snapshot v1, https://vitest.dev/guide/snapshot.html

exports[`basic 1`] = `"text-sm"`;

exports[`basic with expressions 1`] = `"text-sm font-bold bg-sky-500"`;

exports[`multiple lines 1`] = `"bg-sky-500 font-bold text-lg"`;

exports[`multiple lines with comments 1`] = `"bg-sky-500 font-bold text-lg"`;

exports[`multiple lines with expressions 1`] = `"text-sm font-bold bg-sky-500"`;
